// Jest Snapshot v1, https://goo.gl/fbAQLP

exports[`syntax error (colocated tests) dev: dev-error 1`] = `3`;

exports[`syntax error (colocated tests) dev: dev-warn 1`] = `3`;

exports[`syntax error (colocated tests) prod: production-error 1`] = `3`;

exports[`syntax error (colocated tests) prod: production-warn 1`] = `3`;
