// Jest Snapshot v1, https://goo.gl/fbAQLP

exports[`syntax error dev: dev-error 1`] = `3`;

exports[`syntax error dev: dev-warn 1`] = `3`;

exports[`syntax error prod: production-error 1`] = `3`;

exports[`syntax error prod: production-warn 1`] = `3`;
